9770417773878156846615295034436135851733512544259264588530570418993272723207201818
