887431847478187694278449409769918317190152567948986805840042652367969795217
