99999999987766760643137190292634845952284796368101059679830107042203753851709982643505212511440048798010243950654097940521987806298205493926358458128697986247683151993234378292838564826408249710169252194266289702
