99999988888877755162057676396223820307694065594679543989915637783588429417366490634169957258079701840413747068691172553808124846624687084372629955816739833897519352703674429757107007507919387798096191971792858135456324278678791479860704950821043776519215596911104257084505287154083015191
