9999999918930018834402746342500843586810982847358140990630148429502679828898063521049214472626298274380972553340688258105211784874465977692607683175963976573336033362279316431511529254582546125766315692654205237297356231236293733405460782824185789717285781628197125900923369757861974532661552304315
