99999999999999999987733803879458899610007360616740675202812072406464678710596
