999999999999999999999999999999999999999999988827012456587451
