999999999999999999999999988935980409478936894447155507204025825
