999999999999999999999999999999999999999999999999997757782129792387969136814268353172167297335343160985286471600117214206502182099862620369586146874248097073962187074012877592554364884198966937380229914748092672382267318285117990151946126483190293894853278452927042588141959307733135770851829407548355502502597139888697517958388832974473658338413304296822162921161806937981723241327952251336067301581549155117690178531705355890184505152729257370883012948340077068478824194760863482652577832273260154584771937764553182085796478950948132152830778278527722120300645092238584101823217030682
