99999999999998837881676829859627637071388746030886684320513053353751178793155749378407272884231671187130078307420298724936864800652171230086533526545262070282395083737000626155381982771995536540093058330475254040217942194604543981392614820449525802316719993432749451591678424508178555081179178791780732445617273415307879866752150236066579297142251748648486916479055812138323223460410137142402275917270147239632301691163823633769922040825353247820090012856406192070841289639417798923035087360298217407071405877424955796267247290088539940
