1000000000000000000000000000000000000000000000000000000091398242897078
