1000000000000000000000000000000000000000000000152573136382959
