10000000000000000000000000000000000000000000000000000000000000000000000549450430861536
