1000000000000000000000000000000000000000000000000000000000000000000000000000000000062866152209840
