10000000000000000000000000000000000000000000000000000000000000000000000000000000059092560890521
